// Jest Snapshot v1, https://goo.gl/fbAQLP

exports[`UserList.test.js renders without crashing 1`] = `
<div
  className="responsive-table"
>
  <table
    className="table table-bordered table-striped"
  >
    <thead>
      <tr>
        <th>
          First Name
        </th>
        <th>
          Last Name
        </th>
        <th>
          Email
        </th>
        <th>
          Phone
        </th>
        <th>
          Delete
        </th>
      </tr>
    </thead>
    <tbody>
      <tr>
        <td />
        <td />
        <td />
        <td />
        <td>
          <button
            className="btn btn-sm btn-danger"
            onClick={[Function]}
          >
            Delete
          </button>
        </td>
      </tr>
      <tr>
        <td />
        <td />
        <td />
        <td />
        <td>
          <button
            className="btn btn-sm btn-danger"
            onClick={[Function]}
          >
            Delete
          </button>
        </td>
      </tr>
    </tbody>
  </table>
</div>
`;
